// Jest Snapshot v1, https://goo.gl/fbAQLP

exports[`renders as expected 1`] = `
<DocumentFragment>
  .c0 {
  -webkit-appearance: none;
  -moz-appearance: none;
  appearance: none;
  background-color: transparent;
  border: 0;
  border-radius: 1.6rem;
  padding: 1rem 1.5rem;
  cursor: pointer;
}

<button
    class="c0"
  >
    Another Tweet
    <svg
      fill="none"
      style="width: 14px; height: 14px; margin-left: 5px;"
      viewBox="0 0 12 12"
    >
      <path
        d="M6 0.666664L5.06 1.60666L8.78 5.33333H0.666668V6.66666H8.78L5.06 10.3933L6 11.3333L11.3333 6L6 0.666664Z"
        fill="white"
      />
    </svg>
  </button>
</DocumentFragment>
`;
