// Jest Snapshot v1, https://goo.gl/fbAQLP

exports[`handles an error from the API call 1`] = `
<DocumentFragment>
  .c0 {
  text-align: center;
}

.c4 {
  background-color: rgba(0,0,0,0.7);
  color: #FFFFFF;
  min-height: calc(100vh - 23rem);
  padding-bottom: 5rem;
}

.c1 {
  background-color: rgba(0,0,0,0.7);
  margin: 0;
  padding: 0 2rem;
  padding-bottom: 4rem;
}

.c2 {
  font-size: 3rem;
  margin: 0;
  padding: 3rem 0 1rem 0;
}

.c3 {
  font-size: 1.4rem;
  font-weight: normal;
  margin: 0;
}

@media (min-width:40rem) {
  .c1 {
    padding: 0;
    padding-bottom: 4rem;
  }
}

@media (min-width:80rem) {
  .c1 {
    padding-bottom: 8rem;
  }
}

<main
    class="c0"
  >
    <div
      class="c1"
    >
      <h1
        class="c2"
      >
        #IoT
      </h1>
      <h2
        class="c3"
      >
        Top 20 Words in 100 Recent Tweets
      </h2>
    </div>
    <div
      class="c4"
    >
      <div>
        Sorry, there was an issue with fetching the Twitter data. Please try again later.
      </div>
    </div>
  </main>
</DocumentFragment>
`;
